<html>
<body>
<pre>
<h1>µVision Build Log</h1>
<h2>Tool Versions:</h2>
IDE-Version: £gVision V5.16a
Copyright (C) 2015 ARM Ltd and ARM Germany GmbH. All rights reserved.
License Information: yun ju wu, HKUST, LIC=47GNN-YLJDW-CW12K-ZW27U-JRC73-QXXM5
 
Tool Versions:
Toolchain:       MDK-ARM Standard  Version: 5.16a
Toolchain Path:  C:\Keil_v5\ARM\ARMCC\Bin
C Compiler:      Armcc.exe V5.06 (build 20)
Assembler:       Armasm.exe V5.06 (build 20)
Linker/Locator:  ArmLink.exe V5.06 (build 20)
Library Manager: ArmAr.exe V5.06 (build 20)
Hex Converter:   FromElf.exe V5.06 (build 20)
CPU DLL:         SARMCM3.DLL V5.16a
Dialog DLL:      DCM.DLL V1.13.2.0
Target DLL:      STLink\ST-LINKIII-KEIL_SWO.dll V2.0.17.0
Dialog DLL:      TCM.DLL V1.14.5.0
 
<h2>Project:</h2>
C:\Users\user\Desktop\robotics\2016_sw_ library\ROBOTICs_Hw.uvprojx
Project File Date:  11/12/2015

<h2>Output:</h2>
*** Using Compiler 'V5.06 (build 20)', folder: 'C:\Keil_v5\ARM\ARMCC\Bin'
Build target 'STM32f103CBT_TEMPLATE'
compiling main.c...
pneumatic_control.h(5): warning:  #1295-D: Deprecated declaration pneumatic_init - give arg types
  void pneumatic_init();
pneumatic_control.h(6): warning:  #1-D: last line of file ends without a newline
  void pneumatic_control(GPIO_TypeDef* PORT,u16 gpio_pin,u8 state);
main.c(136): warning:  #223-D: function "linear_ccd_prints" declared implicitly
  	linear_ccd_prints();
main.c: 4 warnings, 0 errors
linking...
Program Size: Code=27220 RO-data=1688 RW-data=8356 ZI-data=4956  
FromELF: creating hex file...
".\Objects\ROBOTICs_Hw.axf" - 0 Error(s), 3 Warning(s).

<h2>Collection of Component include folders:</h2>
  C:\Users\user\Desktop\robotics\2016_sw_ library\RTE
  C:\Keil_v5\ARM\PACK\Keil\STM32F1xx_DFP\1.1.0\Device\Include

<h2>Collection of Component Files used:</h2>
Build Time Elapsed:  00:00:02
</pre>
</body>
</html>
